Initializing cgroup subsys cpuset
Initializing cgroup subsys cpu
Linux version 2.6.32-358.23.2.85.sanvc_7_5_0.x86_64 (mockbuild@bldx2) (gcc version 4.4.7 20120313 (gcc 4.4.7-3) (GCC) ) #1 SMP PREEMPT Fri Jun 19 12:05:36 CDT 2015
Command line: pnpacpi=off nmi_watchdog=2 boot_up=disk crashkernel=32M console=ttyUSB console=tty0 iommu=pt nohz=off scsiid=350000395e83800a0
KERNEL supported cpus:
  Intel GenuineIntel
BIOS-provided physical RAM map:
 BIOS-e820: 0000000000000000 - 000000000006c000 (usable)
 BIOS-e820: 000000000006c000 - 000000000006d000 (ACPI NVS)
 BIOS-e820: 000000000006d000 - 000000000009f000 (usable)
 BIOS-e820: 000000000009f000 - 00000000000a0000 (ACPI NVS)
 BIOS-e820: 0000000000100000 - 000000005e1f9000 (usable)
 BIOS-e820: 000000005e1f9000 - 000000005e1fa000 (ACPI data)
 BIOS-e820: 000000005e1fa000 - 000000005fb21000 (usable)
 BIOS-e820: 000000005fb21000 - 000000005fb26000 (reserved)
 BIOS-e820: 000000005fb26000 - 0000000060027000 (usable)
 BIOS-e820: 0000000060027000 - 000000006002f000 (ACPI data)
 BIOS-e820: 000000006002f000 - 0000000060038000 (usable)
 BIOS-e820: 0000000060038000 - 0000000060039000 (ACPI data)
 BIOS-e820: 0000000060039000 - 000000006003a000 (usable)
 BIOS-e820: 000000006003a000 - 000000006003f000 (ACPI data)
 BIOS-e820: 000000006003f000 - 000000006010b000 (usable)
 BIOS-e820: 000000006010b000 - 000000006010e000 (ACPI data)
 BIOS-e820: 000000006010e000 - 000000006010f000 (reserved)
 BIOS-e820: 000000006010f000 - 0000000060110000 (ACPI data)
 BIOS-e820: 0000000060110000 - 0000000060111000 (reserved)
 BIOS-e820: 0000000060111000 - 0000000060112000 (ACPI data)
 BIOS-e820: 0000000060112000 - 000000006072d000 (usable)
 BIOS-e820: 000000006072d000 - 000000006072e000 (ACPI data)
 BIOS-e820: 000000006072e000 - 0000000060e73000 (usable)
 BIOS-e820: 0000000060e73000 - 0000000060e74000 (ACPI data)
 BIOS-e820: 0000000060e74000 - 0000000073624000 (usable)
 BIOS-e820: 0000000073624000 - 0000000073631000 (reserved)
 BIOS-e820: 0000000073631000 - 0000000074376000 (usable)
 BIOS-e820: 0000000074376000 - 000000007e750000 (reserved)
 BIOS-e820: 000000007e750000 - 000000007eb9f000 (ACPI NVS)
 BIOS-e820: 000000007eb9f000 - 000000007ec02000 (usable)
 BIOS-e820: 0000000080000000 - 0000000090000000 (reserved)
 BIOS-e820: 00000000fed1c000 - 00000000fed20000 (reserved)
 BIOS-e820: 00000000ff800000 - 0000000100000000 (reserved)
 BIOS-e820: 0000000100000000 - 0000000880000000 (usable)
EFI v2.30 by EDK II
 ACPI=0x60e73000  ACPI 2.0=0x60e73014  SMBIOS=0x7e67c000 
EFI: mem00: type=3, attr=0xf, range=[0x0000000000000000-0x0000000000001000) (0MB)
EFI: mem01: type=7, attr=0xf, range=[0x0000000000001000-0x000000000001e000) (0MB)
EFI: mem02: type=2, attr=0xf, range=[0x000000000001e000-0x0000000000020000) (0MB)
EFI: mem03: type=3, attr=0xf, range=[0x0000000000020000-0x000000000006c000) (0MB)
EFI: mem04: type=10, attr=0xf, range=[0x000000000006c000-0x000000000006d000) (0MB)
EFI: mem05: type=7, attr=0xf, range=[0x000000000006d000-0x000000000006e000) (0MB)
EFI: mem06: type=3, attr=0xf, range=[0x000000000006e000-0x0000000000080000) (0MB)
EFI: mem07: type=7, attr=0xf, range=[0x0000000000080000-0x0000000000087000) (0MB)
EFI: mem08: type=4, attr=0xf, range=[0x0000000000087000-0x0000000000088000) (0MB)
EFI: mem09: type=3, attr=0xf, range=[0x0000000000088000-0x000000000009f000) (0MB)
EFI: mem10: type=10, attr=0xf, range=[0x000000000009f000-0x00000000000a0000) (0MB)
EFI: mem11: type=7, attr=0xf, range=[0x0000000000100000-0x0000000000800000) (7MB)
EFI: mem12: type=3, attr=0xf, range=[0x0000000000800000-0x0000000001000000) (8MB)
EFI: mem13: type=7, attr=0xf, range=[0x0000000001000000-0x0000000010000000) (240MB)
EFI: mem14: type=3, attr=0xf, range=[0x0000000010000000-0x0000000010092000) (0MB)
EFI: mem15: type=7, attr=0xf, range=[0x0000000010092000-0x000000005bc26000) (1211MB)
EFI: mem16: type=2, attr=0xf, range=[0x000000005bc26000-0x000000005dda2000) (33MB)
EFI: mem17: type=1, attr=0xf, range=[0x000000005dda2000-0x000000005dde2000) (0MB)
EFI: mem18: type=4, attr=0xf, range=[0x000000005dde2000-0x000000005de20000) (0MB)
EFI: mem19: type=2, attr=0xf, range=[0x000000005de20000-0x000000005de5e000) (0MB)
EFI: mem20: type=4, attr=0xf, range=[0x000000005de5e000-0x000000005e1ac000) (3MB)
EFI: mem21: type=2, attr=0xf, range=[0x000000005e1ac000-0x000000005e1de000) (0MB)
EFI: mem22: type=4, attr=0xf, range=[0x000000005e1de000-0x000000005e1ed000) (0MB)
EFI: mem23: type=2, attr=0xf, range=[0x000000005e1ed000-0x000000005e1ef000) (0MB)
EFI: mem24: type=4, attr=0xf, range=[0x000000005e1ef000-0x000000005e1f9000) (0MB)
EFI: mem25: type=9, attr=0xf, range=[0x000000005e1f9000-0x000000005e1fa000) (0MB)
EFI: mem26: type=2, attr=0xf, range=[0x000000005e1fa000-0x000000005e1fc000) (0MB)
EFI: mem27: type=4, attr=0xf, range=[0x000000005e1fc000-0x000000005f2ad000) (16MB)
EFI: mem28: type=2, attr=0xf, range=[0x000000005f2ad000-0x000000005f2b0000) (0MB)
EFI: mem29: type=4, attr=0xf, range=[0x000000005f2b0000-0x000000005f2b7000) (0MB)
EFI: mem30: type=2, attr=0xf, range=[0x000000005f2b7000-0x000000005f2b8000) (0MB)
EFI: mem31: type=4, attr=0xf, range=[0x000000005f2b8000-0x000000005fb21000) (8MB)
EFI: mem32: type=11, attr=0xf, range=[0x000000005fb21000-0x000000005fb26000) (0MB)
EFI: mem33: type=4, attr=0xf, range=[0x000000005fb26000-0x000000005fef6000) (3MB)
EFI: mem34: type=2, attr=0xf, range=[0x000000005fef6000-0x000000005fef7000) (0MB)
EFI: mem35: type=4, attr=0xf, range=[0x000000005fef7000-0x0000000060027000) (1MB)
EFI: mem36: type=9, attr=0xf, range=[0x0000000060027000-0x000000006002f000) (0MB)
EFI: mem37: type=4, attr=0xf, range=[0x000000006002f000-0x0000000060038000) (0MB)
EFI: mem38: type=9, attr=0xf, range=[0x0000000060038000-0x0000000060039000) (0MB)
EFI: mem39: type=4, attr=0xf, range=[0x0000000060039000-0x000000006003a000) (0MB)
EFI: mem40: type=9, attr=0xf, range=[0x000000006003a000-0x000000006003f000) (0MB)
EFI: mem41: type=4, attr=0xf, range=[0x000000006003f000-0x000000006010b000) (0MB)
EFI: mem42: type=9, attr=0xf, range=[0x000000006010b000-0x000000006010e000) (0MB)
EFI: mem43: type=11, attr=0xf, range=[0x000000006010e000-0x000000006010f000) (0MB)
EFI: mem44: type=9, attr=0xf, range=[0x000000006010f000-0x0000000060110000) (0MB)
EFI: mem45: type=11, attr=0xf, range=[0x0000000060110000-0x0000000060111000) (0MB)
EFI: mem46: type=9, attr=0xf, range=[0x0000000060111000-0x0000000060112000) (0MB)
EFI: mem47: type=4, attr=0xf, range=[0x0000000060112000-0x000000006072d000) (6MB)
EFI: mem48: type=9, attr=0xf, range=[0x000000006072d000-0x000000006072e000) (0MB)
EFI: mem49: type=4, attr=0xf, range=[0x000000006072e000-0x0000000060e73000) (7MB)
EFI: mem50: type=9, attr=0xf, range=[0x0000000060e73000-0x0000000060e74000) (0MB)
EFI: mem51: type=4, attr=0xf, range=[0x0000000060e74000-0x0000000073624000) (295MB)
EFI: mem52: type=6, attr=0x800000000000000f, range=[0x0000000073624000-0x0000000073631000) (0MB)
EFI: mem53: type=4, attr=0xf, range=[0x0000000073631000-0x0000000073667000) (0MB)
EFI: mem54: type=7, attr=0xf, range=[0x0000000073667000-0x000000007377a000) (1MB)
EFI: mem55: type=3, attr=0xf, range=[0x000000007377a000-0x0000000074376000) (11MB)
EFI: mem56: type=5, attr=0x800000000000000f, range=[0x0000000074376000-0x00000000745da000) (2MB)
EFI: mem57: type=6, attr=0x800000000000000f, range=[0x00000000745da000-0x000000007e645000) (160MB)
EFI: mem58: type=0, attr=0xf, range=[0x000000007e645000-0x000000007e750000) (1MB)
EFI: mem59: type=10, attr=0xf, range=[0x000000007e750000-0x000000007eb9f000) (4MB)
EFI: mem60: type=4, attr=0xf, range=[0x000000007eb9f000-0x000000007ec02000) (0MB)
EFI: mem61: type=7, attr=0xf, range=[0x0000000100000000-0x0000000880000000) (30720MB)
EFI: mem62: type=11, attr=0x8000000000000001, range=[0x0000000080000000-0x0000000090000000) (256MB)
EFI: mem63: type=11, attr=0x8000000000000001, range=[0x00000000fed1c000-0x00000000fed20000) (0MB)
EFI: mem64: type=11, attr=0x8000000000000001, range=[0x00000000ff800000-0x0000000100000000) (8MB)
DMI 2.7 present.
SMBIOS version 2.7 @ 0x7E67C000
DMI: IBM System x3650 M4 -[2145DH8]-/00MV214, BIOS -[VVE142AUS-1.70]- 06/04/2014
e820 update range: 0000000000000000 - 0000000000001000 (usable) ==> (reserved)
e820 remove range: 00000000000a0000 - 0000000000100000 (usable)
last_pfn = 0x880000 max_arch_pfn = 0x400000000
MTRR default type: write-back
MTRR fixed ranges enabled:
  00000-9FFFF write-back
  A0000-FFFFF uncachable
MTRR variable ranges enabled:
  0 base 0000FF800000 mask 3FFFFF800000 write-through
  1 base 000080000000 mask 3FFF80000000 uncachable
  2 base 038000000000 mask 3FF800000000 uncachable
  3 base 038800000000 mask 3FF800000000 uncachable
  4 disabled
  5 disabled
  6 disabled
  7 disabled
  8 disabled
  9 disabled
x86 PAT enabled: cpu 0, old 0x7040600070406, new 0x7010600070106
last_pfn = 0x7ec02 max_arch_pfn = 0x400000000
e820 update range: 0000000000001000 - 0000000000006000 (usable) ==> (reserved)
e820 update range: 0000000000008000 - 0000000000010000 (usable) ==> (reserved)
Scanning 2 areas for low memory corruption
modified physical RAM map:
 modified: 0000000000000000 - 0000000000006000 (reserved)
 modified: 0000000000006000 - 0000000000008000 (usable)
 modified: 0000000000008000 - 0000000000010000 (reserved)
 modified: 0000000000010000 - 000000000006c000 (usable)
 modified: 000000000006c000 - 000000000006d000 (ACPI NVS)
 modified: 000000000006d000 - 000000000009f000 (usable)
 modified: 000000000009f000 - 00000000000a0000 (ACPI NVS)
 modified: 0000000000100000 - 000000005e1f9000 (usable)
 modified: 000000005e1f9000 - 000000005e1fa000 (ACPI data)
 modified: 000000005e1fa000 - 000000005fb21000 (usable)
 modified: 000000005fb21000 - 000000005fb26000 (reserved)
 modified: 000000005fb26000 - 0000000060027000 (usable)
 modified: 0000000060027000 - 000000006002f000 (ACPI data)
 modified: 000000006002f000 - 0000000060038000 (usable)
 modified: 0000000060038000 - 0000000060039000 (ACPI data)
 modified: 0000000060039000 - 000000006003a000 (usable)
 modified: 000000006003a000 - 000000006003f000 (ACPI data)
 modified: 000000006003f000 - 000000006010b000 (usable)
 modified: 000000006010b000 - 000000006010e000 (ACPI data)
 modified: 000000006010e000 - 000000006010f000 (reserved)
 modified: 000000006010f000 - 0000000060110000 (ACPI data)
 modified: 0000000060110000 - 0000000060111000 (reserved)
 modified: 0000000060111000 - 0000000060112000 (ACPI data)
 modified: 0000000060112000 - 000000006072d000 (usable)
 modified: 000000006072d000 - 000000006072e000 (ACPI data)
 modified: 000000006072e000 - 0000000060e73000 (usable)
 modified: 0000000060e73000 - 0000000060e74000 (ACPI data)
 modified: 0000000060e74000 - 0000000073624000 (usable)
 modified: 0000000073624000 - 0000000073631000 (reserved)
 modified: 0000000073631000 - 0000000074376000 (usable)
 modified: 0000000074376000 - 000000007e750000 (reserved)
 modified: 000000007e750000 - 000000007eb9f000 (ACPI NVS)
 modified: 000000007eb9f000 - 000000007ec02000 (usable)
 modified: 0000000080000000 - 0000000090000000 (reserved)
 modified: 00000000fed1c000 - 00000000fed20000 (reserved)
 modified: 00000000ff800000 - 0000000100000000 (reserved)
 modified: 0000000100000000 - 0000000880000000 (usable)
initial memory mapped : 0 - 20000000
Using GB pages for direct mapping
init_memory_mapping: 0000000000000000-000000007ec02000
 0000000000 - 0040000000 page 1G
 0040000000 - 007ec00000 page 2M
 007ec00000 - 007ec02000 page 4k
kernel direct mapping tables up to 7ec02000 @ 10000-13000
init_memory_mapping: 0000000100000000-0000000880000000
 0100000000 - 0880000000 page 1G
kernel direct mapping tables up to 880000000 @ 12000-13000
RAMDISK: 5bc26000 - 5c8f462b
ACPI: RSDP 0000000060e73014 00024 (v02 IBM   )
ACPI: XSDT 0000000060e731c0 0009C (v01 IBM    SERMEGAL 00000000      01000013)
ACPI: FACP 000000006010f000 000F4 (v04 IBM    SERMEGAL 00000000 MSFT 01000019)
ACPI: DSDT 0000000060029000 05002 (v01 INTEL  TIANO    00000003 MSFT 01000013)
ACPI: FACS 000000007e803000 00040
ACPI: TCPA 000000006072d000 00064 (v00                 00000000      00000000)
ACPI: ERST 0000000060111000 00230 (v01 IBM    SERMEGAL 00000001 MSFT 0100001B)
ACPI: HEST 000000006010d000 001A4 (v01 IBM    SERMEGAL 00000001 MSFT 0100001E)
ACPI: HPET 000000006010c000 00038 (v01 IBM    SERMEGAL 00000001 MSFT 01000017)
ACPI: APIC 000000006010b000 000DE (v03 IBM    SERMEGAL 00000000 MSFT 01000014)
ACPI: MCFG 000000006003e000 0003C (v01 IBM    SERMEGAL 00000001 MSFT 01000018)
ACPI: OEM1 000000006003d000 00030 (v01 IBM    IBMERROR 00000001 MSFT 01000013)
ACPI: SLIT 000000006003c000 00030 (v01 IBM    SERMEGAL 00000001 MSFT 01000020)
ACPI: SLIC 000000006003b000 00176 (v01 IBM    SERMEGAL 00000000 MSFT 0100001F)
ACPI: SSDT 000000006003a000 0038C (v02 IBM    CPUSCOPE 00004000 MSFT 01000016)
ACPI: SSDT 0000000060028000 00396 (v02 IBM    CPUWYVRN 00004000 MSFT 01000016)
ACPI: SSDT 0000000060027000 00832 (v02 IBM    CPUCSTAT 00004000 MSFT 01000016)
ACPI: SSDT 0000000060038000 00214 (v02 IBM    WYVRNDEV 00004000 MSFT 01000016)
ACPI: DMAR 000000005e1f9000 000C4 (v01 IBM    SERMEGAL 00000001 MSFT 01000021)
ACPI: Local APIC address 0xfee00000
Setting APIC routing to flat.
(8 early reservations) ==> bootmem [0000000000 - 0880000000]
  #0 [0000000000 - 0000001000]   BIOS data page ==> [0000000000 - 0000001000]
  #1 [0000006000 - 0000008000]       TRAMPOLINE ==> [0000006000 - 0000008000]
  #2 [0001000000 - 0001cced54]    TEXT DATA BSS ==> [0001000000 - 0001cced54]
  #3 [005bc26000 - 005c8f462b]          RAMDISK ==> [005bc26000 - 005c8f462b]
  #4 [000009d000 - 0000100000]    BIOS reserved ==> [000009d000 - 0000100000]
  #5 [005f2ae000 - 005f2aec30]       EFI memmap ==> [005f2ae000 - 005f2aec30]
  #6 [0001ccf000 - 0001ccf73c]              BRK ==> [0001ccf000 - 0001ccf73c]
  #7 [0000010000 - 0000012000]          PGTABLE ==> [0000010000 - 0000012000]
Reserving 32MB of memory at 32MB for crashkernel (System RAM: 34816MB)
 [ffffea0000000000-ffffea001dbfffff] PMD -> [ffff880028600000-ffff8800445fffff] on node 0
Zone PFN ranges:
  DMA      0x00000006 -> 0x00001000
  DMA32    0x00001000 -> 0x00100000
  Normal   0x00100000 -> 0x00880000
Movable zone start PFN for each node
early_node_map[15] active PFN ranges
    0: 0x00000006 -> 0x00000008
    0: 0x00000010 -> 0x0000006c
    0: 0x0000006d -> 0x0000009f
    0: 0x00000100 -> 0x0005e1f9
    0: 0x0005e1fa -> 0x0005fb21
    0: 0x0005fb26 -> 0x00060027
    0: 0x0006002f -> 0x00060038
    0: 0x00060039 -> 0x0006003a
    0: 0x0006003f -> 0x0006010b
    0: 0x00060112 -> 0x0006072d
    0: 0x0006072e -> 0x00060e73
    0: 0x00060e74 -> 0x00073624
    0: 0x00073631 -> 0x00074376
    0: 0x0007eb9f -> 0x0007ec02
    0: 0x00100000 -> 0x00880000
On node 0 totalpages: 8340287
  DMA zone: 56 pages used for memmap
  DMA zone: 222 pages reserved
  DMA zone: 3706 pages, LIFO batch:0
  DMA32 zone: 14280 pages used for memmap
  DMA32 zone: 457703 pages, LIFO batch:31
  Normal zone: 107520 pages used for memmap
  Normal zone: 7756800 pages, LIFO batch:31
ACPI: PM-Timer IO Port: 0x408
ACPI: Local APIC address 0xfee00000
Setting APIC routing to flat.
ACPI: LAPIC (acpi_id[0x00] lapic_id[0x00] enabled)
ACPI: LAPIC (acpi_id[0x01] lapic_id[0x02] enabled)
ACPI: LAPIC (acpi_id[0x02] lapic_id[0x04] enabled)
ACPI: LAPIC (acpi_id[0x03] lapic_id[0x06] enabled)
ACPI: LAPIC (acpi_id[0x04] lapic_id[0x08] enabled)
ACPI: LAPIC (acpi_id[0x05] lapic_id[0x0a] enabled)
ACPI: LAPIC (acpi_id[0x06] lapic_id[0x0c] enabled)
ACPI: LAPIC (acpi_id[0x07] lapic_id[0x0e] enabled)
ACPI: LAPIC (acpi_id[0x08] lapic_id[0x01] enabled)
ACPI: LAPIC (acpi_id[0x09] lapic_id[0x03] enabled)
ACPI: LAPIC (acpi_id[0x0a] lapic_id[0x05] enabled)
ACPI: LAPIC (acpi_id[0x0b] lapic_id[0x07] enabled)
ACPI: LAPIC (acpi_id[0x0c] lapic_id[0x09] enabled)
ACPI: LAPIC (acpi_id[0x0d] lapic_id[0x0b] enabled)
ACPI: LAPIC (acpi_id[0x0e] lapic_id[0x0d] enabled)
ACPI: LAPIC (acpi_id[0x0f] lapic_id[0x0f] enabled)
ACPI: LAPIC_NMI (acpi_id[0xff] dfl dfl lint[0x1])
ACPI: IOAPIC (id[0x08] address[0xfec00000] gsi_base[0])
IOAPIC[0]: apic_id 8, version 32, address 0xfec00000, GSI 0-23
ACPI: IOAPIC (id[0x09] address[0xfec01000] gsi_base[24])
IOAPIC[1]: apic_id 9, version 32, address 0xfec01000, GSI 24-47
ACPI: INT_SRC_OVR (bus 0 bus_irq 0 global_irq 2 dfl dfl)
ACPI: INT_SRC_OVR (bus 0 bus_irq 9 global_irq 9 high level)
ACPI: IRQ0 used by override.
ACPI: IRQ2 used by override.
ACPI: IRQ9 used by override.
Using ACPI (MADT) for SMP configuration information
ACPI: HPET id: 0x8086a701 base: 0xfed00000
SMP: Allowing 16 CPUs, 0 hotplug CPUs
nr_irqs_gsi: 48
Allocating PCI resources starting at 90000000 (gap: 90000000:6ed1c000)
NR_CPUS:64 nr_cpumask_bits:64 nr_cpu_ids:16 nr_node_ids:1
PERCPU: Embedded 26 pages/cpu @ffff880028200000 s76568 r8192 d21736 u131072
pcpu-alloc: s76568 r8192 d21736 u131072 alloc=1*2097152
pcpu-alloc: [0] 00 01 02 03 04 05 06 07 08 09 10 11 12 13 14 15 
Built 1 zonelists in Zone order, mobility grouping on.  Total pages: 8218209
Kernel command line: pnpacpi=off nmi_watchdog=2 boot_up=disk crashkernel=32M console=ttyUSB console=tty0 iommu=pt nohz=off scsiid=350000395e83800a0
PID hash table entries: 4096 (order: 3, 32768 bytes)
Dentry cache hash table entries: 4194304 (order: 13, 33554432 bytes)
Inode-cache hash table entries: 2097152 (order: 12, 16777216 bytes)
xsave/xrstor: enabled xstate_bv 0x7, cntxt size 0x340
dmar: Queued invalidation will be enabled to support x2apic and Intr-remapping.
Memory: 32425564k/35651584k available (5780k kernel code, 2290436k absent, 934692k reserved, 5660k data, 484k init)
Experimental preemptable hierarchical RCU implementation.
NR_IRQS:2304
Extended CMOS year: 2000
Console: colour dummy device 80x25
console [tty0] enabled
allocated 134217728 bytes of page_cgroup
please try 'cgroup_disable=memory' option if you don't want memory cgroups
hpet clockevent registered
Fast TSC calibration using PIT
Detected 2599.928 MHz processor.
Calibrating delay loop (skipped), value calculated using timer frequency.. 5199.85 BogoMIPS (lpj=10399712)
pid_max: default: 32768 minimum: 301
BUG: Bad page state in process swapper  pfn:00090
page:ffffea0000001f80 flags:0000000000080000 count:0 mapcount:0 mapping:(null) index:0 (Not tainted)
Pid: 0, comm: swapper Not tainted 2.6.32-358.23.2.85.sanvc_7_5_0.x86_64 #1
Call Trace:
 [<ffffffff810accd5>] ? bad_page+0x120/0x12f
 [<ffffffff81b5854d>] ? free_bootmem_late+0x34/0x4c
 [<ffffffff81b51b82>] ? efi_enter_virtual_mode+0x211/0x2f3
 [<ffffffff81b41b31>] ? start_kernel+0x33d/0x3b7
 [<ffffffff81b4119c>] ? x86_64_start_kernel+0xf4/0xfb
Disabling lock debugging due to kernel taint
BUG: Bad page state in process swapper  pfn:00098
page:ffffea0000002140 flags:0000000000080000 count:0 mapcount:0 mapping:(null) index:0 (Tainted: G    B      ---------------   )
Pid: 0, comm: swapper Tainted: G    B      ---------------    2.6.32-358.23.2.85.sanvc_7_5_0.x86_64 #1
Call Trace:
 [<ffffffff810accd5>] ? bad_page+0x120/0x12f
 [<ffffffff81b5854d>] ? free_bootmem_late+0x34/0x4c
 [<ffffffff81b51b82>] ? efi_enter_virtual_mode+0x211/0x2f3
 [<ffffffff81b41b31>] ? start_kernel+0x33d/0x3b7
 [<ffffffff81b4119c>] ? x86_64_start_kernel+0xf4/0xfb
BUG: Bad page state in process swapper  pfn:0009c
page:ffffea0000002220 flags:0000000000080000 count:0 mapcount:0 mapping:(null) index:0 (Tainted: G    B      ---------------   )
Pid: 0, comm: swapper Tainted: G    B      ---------------    2.6.32-358.23.2.85.sanvc_7_5_0.x86_64 #1
Call Trace:
 [<ffffffff810accd5>] ? bad_page+0x120/0x12f
 [<ffffffff81b5854d>] ? free_bootmem_late+0x34/0x4c
 [<ffffffff81b51b82>] ? efi_enter_virtual_mode+0x211/0x2f3
 [<ffffffff81b41b31>] ? start_kernel+0x33d/0x3b7
 [<ffffffff81b4119c>] ? x86_64_start_kernel+0xf4/0xfb
Security Framework initialized
Mount-cache hash table entries: 256
Initializing cgroup subsys ns
Initializing cgroup subsys cpuacct
Initializing cgroup subsys memory
Initializing cgroup subsys devices
Initializing cgroup subsys freezer
Initializing cgroup subsys blkio
Initializing cgroup subsys perf_event
Initializing cgroup subsys net_prio
CPU: Physical Processor ID: 0
CPU: Processor Core ID: 0
mce: CPU supports 25 MCE banks
CPU0: Thermal monitoring enabled (TM1)
using mwait in idle threads.
ACPI: Core revision 20090903
dmar: Host address width 46
dmar: DRHD base: 0x000000fbff8000 flags: 0x1
dmar: IOMMU 0: reg_base_addr fbff8000 ver 1:0 cap d2078c106f0466 ecap f020de
dmar: RMRR base: 0x0000007e6a0000 end: 0x0000007e71ffff
dmar: ATSR flags: 0x0
dmar: RHSA base: 0x000000fbff8000 proximity domain: 0x0
IOAPIC id 8 under DRHD base 0xfbff8000
HPET id 0 under DRHD base 0xfbff8000
IOAPIC id 9 under DRHD base 0xfbff8000
Enabled IRQ remapping in x2apic mode
Enabling x2apic
Enabled x2apic
APIC routing finalized to cluster x2apic.
alloc irq_2_iommu on node 0
alloc irq_2_iommu on node 0
alloc irq_2_iommu on node 0
alloc irq_2_iommu on node 0
alloc irq_2_iommu on node 0
alloc irq_2_iommu on node 0
alloc irq_2_iommu on node 0
alloc irq_2_iommu on node 0
alloc irq_2_iommu on node 0
alloc irq_2_iommu on node 0
alloc irq_2_iommu on node 0
alloc irq_2_iommu on node 0
alloc irq_2_iommu on node 0
alloc irq_2_iommu on node 0
alloc irq_2_iommu on node 0
..TIMER: vector=0x30 apic1=0 pin1=2 apic2=-1 pin2=-1
CPU0: Intel(R) Xeon(R) CPU E5-2650 v2 @ 2.60GHz stepping 04
Performance Events: PEBS fmt1+, generic architected perfmon, Intel PMU driver.
... version:                3
... bit width:              48
... generic registers:      4
... value mask:             0000ffffffffffff
... max period:             000000007fffffff
... fixed-purpose events:   3
... event mask:             000000070000000f
NMI watchdog enabled, takes one hw-pmu counter.
Booting Node   0, Processors  #1 #2 #3 #4 #5 #6 #7 #8 #9 #10 #11 #12 #13 #14 #15 Ok.
Brought up 16 CPUs
Total of 16 processors activated (83197.69 BogoMIPS).
sizeof(vma)=192 bytes
sizeof(page)=56 bytes
sizeof(inode)=576 bytes
sizeof(dentry)=192 bytes
sizeof(ext3inode)=784 bytes
sizeof(buffer_head)=104 bytes
sizeof(skbuff)=224 bytes
sizeof(task_struct)=1712 bytes
NET: Registered protocol family 16
ACPI FADT declares the system doesn't support PCIe ASPM, so disable it
ACPI: bus type pci registered
dca service started, version 1.12.1
PCI: MCFG configuration 0: base 80000000 segment 0 buses 0 - 255
PCI: MCFG area at 80000000 reserved in E820
PCI: Using MMCONFIG at 80000000 - 8fffffff
PCI: Using configuration type 1 for base access
bio: create slab <bio-0> at 0
ACPI: EC: Look up EC in DSDT
ACPI: Interpreter enabled
ACPI: (supports S0 S5)
ACPI: Using IOAPIC for interrupt routing
ACPI: No dock devices found.
HEST: Table parsing has been initialized.
PCI: Using host bridge windows from ACPI; if necessary, use "pci=nocrs" and report a bug
ACPI: PCI Root Bridge [IOH0] (domain 0000 [bus 00-ff])
pci_root PNP0A08:00: host bridge window [io  0x0000-0x0cf7]
pci_root PNP0A08:00: host bridge window [io  0x1000-0xffff]
pci_root PNP0A08:00: host bridge window [mem 0x000a0000-0x000bffff]
pci_root PNP0A08:00: host bridge window [mem 0xfed40000-0xfedfffff]
pci_root PNP0A08:00: host bridge window [mem 0x90000000-0xfbff7fff]
pci_root PNP0A08:00: host bridge window [io  0x03b0-0x03bb]
pci_root PNP0A08:00: host bridge window [io  0x03c0-0x03df]
pci_root PNP0A08:00: host bridge window [mem 0x38000000000-0x387ffffffff]
pci_root PNP0A08:00: host bridge window expanded to [io  0x0000-0x0cf7]; [io  0x03b0-0x03bb] ignored
pci_root PNP0A08:00: host bridge window expanded to [io  0x0000-0x0cf7]; [io  0x03c0-0x03df] ignored
pci 0000:00:00.0: PME# supported from D0 D3hot D3cold
pci 0000:00:00.0: PME# disabled
pci 0000:00:01.0: PME# supported from D0 D3hot D3cold
pci 0000:00:01.0: PME# disabled
pci 0000:00:02.0: PME# supported from D0 D3hot D3cold
pci 0000:00:02.0: PME# disabled
pci 0000:00:02.2: PME# supported from D0 D3hot D3cold
pci 0000:00:02.2: PME# disabled
pci 0000:00:03.0: PME# supported from D0 D3hot D3cold
pci 0000:00:03.0: PME# disabled
pci 0000:00:03.2: PME# supported from D0 D3hot D3cold
pci 0000:00:03.2: PME# disabled
pci 0000:00:04.0: reg 10: [mem 0x920e0000-0x920e3fff 64bit]
pci 0000:00:04.1: reg 10: [mem 0x920e4000-0x920e7fff 64bit]
pci 0000:00:04.2: reg 10: [mem 0x920e8000-0x920ebfff 64bit]
pci 0000:00:04.3: reg 10: [mem 0x920ec000-0x920effff 64bit]
pci 0000:00:04.4: reg 10: [mem 0x920f0000-0x920f3fff 64bit]
pci 0000:00:04.5: reg 10: [mem 0x920f4000-0x920f7fff 64bit]
pci 0000:00:04.6: reg 10: [mem 0x920f8000-0x920fbfff 64bit]
pci 0000:00:04.7: reg 10: [mem 0x920fc000-0x920fffff 64bit]
pci 0000:00:11.0: PME# supported from D0 D3hot D3cold
pci 0000:00:11.0: PME# disabled
pci 0000:00:1a.0: reg 10: [mem 0x903fd000-0x903fd3ff]
pci 0000:00:1a.0: PME# supported from D0 D3hot D3cold
pci 0000:00:1a.0: PME# disabled
pci 0000:00:1c.0: PME# supported from D0 D3hot D3cold
pci 0000:00:1c.0: PME# disabled
pci 0000:00:1c.7: PME# supported from D0 D3hot D3cold
pci 0000:00:1c.7: PME# disabled
pci 0000:00:1d.0: reg 10: [mem 0x903fe000-0x903fe3ff]
pci 0000:00:1d.0: PME# supported from D0 D3hot D3cold
pci 0000:00:1d.0: PME# disabled
pci 0000:00:01.0: PCI bridge to [bus 0c-10]
pci 0000:00:01.0:   bridge window [io  0xf000-0x0000] (disabled)
pci 0000:00:01.0:   bridge window [mem 0xfff00000-0x000fffff] (disabled)
pci 0000:00:01.0:   bridge window [mem 0xfff00000-0x000fffff pref] (disabled)
pci 0000:00:02.0: PCI bridge to [bus 11-15]
pci 0000:00:02.0:   bridge window [io  0xf000-0x0000] (disabled)
pci 0000:00:02.0:   bridge window [mem 0xfff00000-0x000fffff] (disabled)
pci 0000:00:02.0:   bridge window [mem 0xfff00000-0x000fffff pref] (disabled)
pci 0000:16:00.0: reg 10: [io  0x2f00-0x2fff]
pci 0000:16:00.0: reg 14: [mem 0x904bc000-0x904bffff 64bit]
pci 0000:16:00.0: reg 1c: [mem 0x904c0000-0x904fffff 64bit]
pci 0000:16:00.0: reg 30: [mem 0xfffe0000-0xffffffff pref]
pci 0000:16:00.0: supports D1 D2
pci 0000:00:02.2: PCI bridge to [bus 16-1a]
pci 0000:00:02.2:   bridge window [io  0x2000-0x2fff]
pci 0000:00:02.2:   bridge window [mem 0x90400000-0x904fffff]
pci 0000:00:02.2:   bridge window [mem 0xfff00000-0x000fffff pref] (disabled)
pci 0000:1b:00.0: reg 10: [mem 0x923e0000-0x923e7fff 64bit pref]
pci 0000:1b:00.0: reg 20: [mem 0x923df000-0x923dffff 64bit pref]
pci 0000:1b:00.0: reg 30: [mem 0xfff80000-0xffffffff pref]
pci 0000:1b:00.0: reg 160: [mem 0x923e8000-0x923effff 64bit pref]
pci 0000:1b:00.1: reg 10: [mem 0x923f0000-0x923f7fff 64bit pref]
pci 0000:1b:00.1: reg 30: [mem 0xfff80000-0xffffffff pref]
pci 0000:1b:00.1: reg 160: [mem 0x923f8000-0x923fffff 64bit pref]
pci 0000:00:03.0: PCI bridge to [bus 1b-1f]
pci 0000:00:03.0:   bridge window [io  0xf000-0x0000] (disabled)
pci 0000:00:03.0:   bridge window [mem 0xfff00000-0x000fffff] (disabled)
pci 0000:00:03.0:   bridge window [mem 0x92300000-0x923fffff 64bit pref]
pci 0000:20:00.0: reg 10: [mem 0x922e0000-0x922e7fff 64bit pref]
pci 0000:20:00.0: reg 20: [mem 0x922df000-0x922dffff 64bit pref]
pci 0000:20:00.0: reg 30: [mem 0xfff80000-0xffffffff pref]
pci 0000:20:00.0: reg 160: [mem 0x922e8000-0x922effff 64bit pref]
pci 0000:20:00.1: reg 10: [mem 0x922f0000-0x922f7fff 64bit pref]
pci 0000:20:00.1: reg 30: [mem 0xfff80000-0xffffffff pref]
pci 0000:20:00.1: reg 160: [mem 0x922f8000-0x922fffff 64bit pref]
pci 0000:00:03.2: PCI bridge to [bus 20-24]
pci 0000:00:03.2:   bridge window [io  0xf000-0x0000] (disabled)
pci 0000:00:03.2:   bridge window [mem 0xfff00000-0x000fffff] (disabled)
pci 0000:00:03.2:   bridge window [mem 0x92200000-0x922fffff 64bit pref]
pci 0000:00:11.0: PCI bridge to [bus 25-25]
pci 0000:00:11.0:   bridge window [io  0xf000-0x0000] (disabled)
pci 0000:00:11.0:   bridge window [mem 0xfff00000-0x000fffff] (disabled)
pci 0000:00:11.0:   bridge window [mem 0xfff00000-0x000fffff pref] (disabled)
pci 0000:06:00.0: reg 10: [mem 0x90580000-0x9059ffff]
pci 0000:06:00.0: reg 18: [io  0x3f80-0x3f9f]
pci 0000:06:00.0: reg 1c: [mem 0x90570000-0x90573fff]
pci 0000:06:00.0: PME# supported from D0 D3hot D3cold
pci 0000:06:00.0: PME# disabled
pci 0000:06:00.0: reg 184: [mem 0x92100000-0x92103fff 64bit pref]
pci 0000:06:00.0: reg 190: [mem 0x92120000-0x92123fff 64bit pref]
pci 0000:06:00.1: reg 10: [mem 0x905a0000-0x905bffff]
pci 0000:06:00.1: reg 18: [io  0x3fa0-0x3fbf]
pci 0000:06:00.1: reg 1c: [mem 0x90574000-0x90577fff]
pci 0000:06:00.1: PME# supported from D0 D3hot D3cold
pci 0000:06:00.1: PME# disabled
pci 0000:06:00.1: reg 184: [mem 0x92140000-0x92143fff 64bit pref]
pci 0000:06:00.1: reg 190: [mem 0x92160000-0x92163fff 64bit pref]
pci 0000:06:00.2: reg 10: [mem 0x905c0000-0x905dffff]
pci 0000:06:00.2: reg 18: [io  0x3fc0-0x3fdf]
pci 0000:06:00.2: reg 1c: [mem 0x90578000-0x9057bfff]
pci 0000:06:00.2: PME# supported from D0 D3hot D3cold
pci 0000:06:00.2: PME# disabled
pci 0000:06:00.2: reg 184: [mem 0x92180000-0x92183fff 64bit pref]
pci 0000:06:00.2: reg 190: [mem 0x921a0000-0x921a3fff 64bit pref]
pci 0000:06:00.3: reg 10: [mem 0x905e0000-0x905fffff]
pci 0000:06:00.3: reg 18: [io  0x3fe0-0x3fff]
pci 0000:06:00.3: reg 1c: [mem 0x9057c000-0x9057ffff]
pci 0000:06:00.3: PME# supported from D0 D3hot D3cold
pci 0000:06:00.3: PME# disabled
pci 0000:06:00.3: reg 184: [mem 0x921c0000-0x921c3fff 64bit pref]
pci 0000:06:00.3: reg 190: [mem 0x921e0000-0x921e3fff 64bit pref]
pci 0000:00:1c.0: PCI bridge to [bus 06-08]
pci 0000:00:1c.0:   bridge window [io  0x3000-0x3fff]
pci 0000:00:1c.0:   bridge window [mem 0x90500000-0x905fffff]
pci 0000:00:1c.0:   bridge window [mem 0x92100000-0x921fffff 64bit pref]
pci 0000:01:00.0: PME# supported from D0 D3hot D3cold
pci 0000:01:00.0: PME# disabled
pci 0000:00:1c.7: PCI bridge to [bus 01-05]
pci 0000:00:1c.7:   bridge window [io  0xf000-0x0000] (disabled)
pci 0000:00:1c.7:   bridge window [mem 0x90600000-0x90ffffff]
pci 0000:00:1c.7:   bridge window [mem 0x91000000-0x91ffffff 64bit pref]
pci 0000:02:00.0: PME# supported from D0 D3hot D3cold
pci 0000:02:00.0: PME# disabled
pci 0000:02:01.0: PME# supported from D0 D3hot D3cold
pci 0000:02:01.0: PME# disabled
pci 0000:01:00.0: PCI bridge to [bus 02-05]
pci 0000:01:00.0:   bridge window [io  0xfffffffffffff000-0x0000] (disabled)
pci 0000:01:00.0:   bridge window [mem 0x90600000-0x90ffffff]
pci 0000:01:00.0:   bridge window [mem 0x91000000-0x91ffffff 64bit pref]
pci 0000:02:00.0: PCI bridge to [bus 03-04]
pci 0000:02:00.0:   bridge window [io  0xfffffffffffff000-0x0000] (disabled)
pci 0000:02:00.0:   bridge window [mem 0x90700000-0x90ffffff]
pci 0000:02:00.0:   bridge window [mem 0x91000000-0x91ffffff 64bit pref]
pci 0000:04:00.0: reg 10: [mem 0x91000000-0x91ffffff pref]
pci 0000:04:00.0: reg 14: [mem 0x907fc000-0x907fffff]
pci 0000:04:00.0: reg 18: [mem 0x90800000-0x90ffffff]
pci 0000:03:00.0: PCI bridge to [bus 04-04]
pci 0000:03:00.0:   bridge window [io  0xfffffffffffff000-0x0000] (disabled)
pci 0000:03:00.0:   bridge window [mem 0x90700000-0x90ffffff]
pci 0000:03:00.0:   bridge window [mem 0x91000000-0x91ffffff 64bit pref]
pci 0000:02:01.0: PCI bridge to [bus 05-05]
pci 0000:02:01.0:   bridge window [io  0xfffffffffffff000-0x0000] (disabled)
pci 0000:02:01.0:   bridge window [mem 0x90600000-0x906fffff]
pci 0000:02:01.0:   bridge window [mem 0xfff00000-0x000fffff pref] (disabled)
pci 0000:00:1e.0: PCI bridge to [bus 26-26] (subtractive decode)
pci 0000:00:1e.0:   bridge window [io  0xf000-0x0000] (disabled)
pci 0000:00:1e.0:   bridge window [mem 0xfff00000-0x000fffff] (disabled)
pci 0000:00:1e.0:   bridge window [mem 0xfff00000-0x000fffff pref] (disabled)
pci 0000:00:1e.0:   bridge window [io  0x0000-0x0cf7] (subtractive decode)
pci 0000:00:1e.0:   bridge window [io  0x1000-0xffff] (subtractive decode)
pci 0000:00:1e.0:   bridge window [mem 0x000a0000-0x000bffff] (subtractive decode)
pci 0000:00:1e.0:   bridge window [mem 0xfed40000-0xfedfffff] (subtractive decode)
pci 0000:00:1e.0:   bridge window [mem 0x90000000-0xfbff7fff] (subtractive decode)
pci 0000:00:1e.0:   bridge window [mem 0x38000000000-0x387ffffffff] (subtractive decode)
pci_bus 0000:00: on NUMA node 0
ACPI: PCI Interrupt Routing Table [\_SB_.IOH0._PRT]
ACPI: PCI Interrupt Routing Table [\_SB_.IOH0.MRP1._PRT]
ACPI: PCI Interrupt Routing Table [\_SB_.IOH0.DCC0._PRT]
ACPI: PCI Interrupt Routing Table [\_SB_.IOH0.ENET._PRT]
ACPI: PCI Interrupt Routing Table [\_SB_.IOH0.MRP3._PRT]
ACPI: PCI Interrupt Routing Table [\_SB_.IOH0.MRP5._PRT]
ACPI: PCI Interrupt Routing Table [\_SB_.IOH0.PEX0._PRT]
ACPI: PCI Interrupt Link [LNKA] (IRQs 3 4 5 6 7 9 10 *11 12 14 15)
ACPI: PCI Interrupt Link [LNKB] (IRQs 3 4 5 6 7 9 10 11 12 14 15) *0, disabled.
ACPI: PCI Interrupt Link [LNKC] (IRQs 3 4 5 6 7 9 10 11 12 14 15) *0, disabled.
ACPI: PCI Interrupt Link [LNKD] (IRQs 3 4 5 6 7 9 10 11 12 14 15) *0, disabled.
ACPI: PCI Interrupt Link [LNKE] (IRQs 3 4 5 6 7 9 10 11 12 14 15) *0, disabled.
ACPI: PCI Interrupt Link [LNKF] (IRQs 3 4 5 6 7 9 10 11 12 14 15) *0, disabled.
ACPI: PCI Interrupt Link [LNKG] (IRQs 3 4 5 6 7 9 10 11 12 14 15) *0, disabled.
ACPI: PCI Interrupt Link [LNKH] (IRQs 3 4 5 6 7 9 10 11 12 14 15) *0, disabled.
vgaarb: device added: PCI:0000:04:00.0,decodes=io+mem,owns=io+mem,locks=none
vgaarb: loaded
vgaarb: bridge control possible 0000:04:00.0
SCSI subsystem initialized
libata version 3.00 loaded.
usbcore: registered new interface driver usbfs
usbcore: registered new interface driver hub
usbcore: registered new device driver usb
PCI: Using ACPI for IRQ routing
PCI: old code would have set cacheline size to 32 bytes, but clflush_size = 64
PCI: pci_cache_line_size set to 64 bytes
alloc irq_2_iommu on node 0
alloc irq_2_iommu on node 0
alloc irq_2_iommu on node 0
alloc irq_2_iommu on node 0
alloc irq_2_iommu on node 0
HPET: 8 timers in total, 5 timers will be used for per-cpu timer
hpet0: at MMIO 0xfed00000, IRQs 2, 8, 49, 50, 51, 52, 53, 0
hpet0: 8 comparators, 64-bit 14.318180 MHz counter
hpet: hpet2 irq 49 for MSI
hpet: hpet3 irq 50 for MSI
hpet: hpet4 irq 51 for MSI
hpet: hpet5 irq 52 for MSI
hpet: hpet6 irq 53 for MSI
Switching to clocksource hpet
pnp: PnP ACPI: disabled
pci 0000:16:00.0: no compatible bridge window for [mem 0xfffe0000-0xffffffff pref]
pci 0000:1b:00.0: no compatible bridge window for [mem 0xfff80000-0xffffffff pref]
pci 0000:1b:00.1: no compatible bridge window for [mem 0xfff80000-0xffffffff pref]
pci 0000:20:00.0: no compatible bridge window for [mem 0xfff80000-0xffffffff pref]
pci 0000:20:00.1: no compatible bridge window for [mem 0xfff80000-0xffffffff pref]
PCI: max bus depth: 4 pci_try_num: 5
pci 0000:1b:00.0: reg 160: [mem 0x923e8000-0x923effff 64bit pref]
pci 0000:1b:00.1: reg 160: [mem 0x923f8000-0x923fffff 64bit pref]
pci 0000:20:00.0: reg 160: [mem 0x922e8000-0x922effff 64bit pref]
pci 0000:20:00.1: reg 160: [mem 0x922f8000-0x922fffff 64bit pref]
pci 0000:00:02.2: BAR 15: assigned [mem 0x90000000-0x900fffff pref]
pci 0000:00:03.0: BAR 14: assigned [mem 0x90100000-0x902fffff]
pci 0000:00:03.2: BAR 14: assigned [mem 0x92400000-0x925fffff]
pci 0000:00:01.0: PCI bridge to [bus 0c-10]
pci 0000:00:01.0: PCI bridge to [bus 0c-10]
pci 0000:00:01.0:   bridge window [io  disabled]
pci 0000:00:01.0:   bridge window [mem disabled]
pci 0000:00:01.0:   bridge window [mem pref disabled]
pci 0000:00:02.0: PCI bridge to [bus 11-15]
pci 0000:00:02.0: PCI bridge to [bus 11-15]
pci 0000:00:02.0:   bridge window [io  disabled]
pci 0000:00:02.0:   bridge window [mem disabled]
pci 0000:00:02.0:   bridge window [mem pref disabled]
pci 0000:16:00.0: BAR 6: assigned [mem 0x90000000-0x9001ffff pref]
pci 0000:00:02.2: PCI bridge to [bus 16-1a]
pci 0000:00:02.2: PCI bridge to [bus 16-1a]
pci 0000:00:02.2:   bridge window [io  0x2000-0x2fff]
pci 0000:00:02.2:   bridge window [mem 0x90400000-0x904fffff]
pci 0000:00:02.2:   bridge window [mem 0x90000000-0x900fffff pref]
pci 0000:1b:00.0: reg 160: [mem 0x923e8000-0x923effff 64bit pref]
pci 0000:1b:00.0: reg 160: [mem 0x923e8000-0x923effff 64bit pref]
pci 0000:1b:00.1: reg 160: [mem 0x923f8000-0x923fffff 64bit pref]
pci 0000:1b:00.0: reg 160: [mem 0x923e8000-0x923effff 64bit pref]
pci 0000:1b:00.0: BAR 6: assigned [mem 0x92300000-0x9237ffff pref]
pci 0000:1b:00.1: BAR 6: assigned [mem 0x90100000-0x9017ffff pref]
pci 0000:1b:00.0: reg 160: [mem 0x923e8000-0x923effff 64bit pref]
pci 0000:1b:00.0: reg 160: [mem 0x923e8000-0x923effff 64bit pref]
pci 0000:1b:00.0: BAR 7: assigned [mem 0x92380000-0x92387fff 64bit pref]
pci 0000:1b:00.0: BAR 7: set to [mem 0x92380000-0x92387fff 64bit pref] (PCI address [0x92380000-0x92387fff]
pci 0000:1b:00.1: reg 160: [mem 0x923f8000-0x923fffff 64bit pref]
pci 0000:1b:00.1: reg 160: [mem 0x923f8000-0x923fffff 64bit pref]
pci 0000:1b:00.1: BAR 7: assigned [mem 0x92388000-0x9238ffff 64bit pref]
pci 0000:1b:00.1: BAR 7: set to [mem 0x92388000-0x9238ffff 64bit pref] (PCI address [0x92388000-0x9238ffff]
pci 0000:00:03.0: PCI bridge to [bus 1b-1f]
pci 0000:00:03.0: PCI bridge to [bus 1b-1f]
pci 0000:00:03.0:   bridge window [io  disabled]
pci 0000:00:03.0:   bridge window [mem 0x90100000-0x902fffff]
pci 0000:00:03.0:   bridge window [mem 0x92300000-0x923fffff 64bit pref]
pci 0000:20:00.0: reg 160: [mem 0x922e8000-0x922effff 64bit pref]
pci 0000:20:00.0: reg 160: [mem 0x922e8000-0x922effff 64bit pref]
pci 0000:20:00.1: reg 160: [mem 0x922f8000-0x922fffff 64bit pref]
pci 0000:20:00.0: reg 160: [mem 0x922e8000-0x922effff 64bit pref]
pci 0000:20:00.0: BAR 6: assigned [mem 0x92200000-0x9227ffff pref]
pci 0000:20:00.1: BAR 6: assigned [mem 0x92400000-0x9247ffff pref]
pci 0000:20:00.0: reg 160: [mem 0x922e8000-0x922effff 64bit pref]
pci 0000:20:00.0: reg 160: [mem 0x922e8000-0x922effff 64bit pref]
pci 0000:20:00.0: BAR 7: assigned [mem 0x92280000-0x92287fff 64bit pref]
pci 0000:20:00.0: BAR 7: set to [mem 0x92280000-0x92287fff 64bit pref] (PCI address [0x92280000-0x92287fff]
pci 0000:20:00.1: reg 160: [mem 0x922f8000-0x922fffff 64bit pref]
pci 0000:20:00.1: reg 160: [mem 0x922f8000-0x922fffff 64bit pref]
pci 0000:20:00.1: BAR 7: assigned [mem 0x92288000-0x9228ffff 64bit pref]
pci 0000:20:00.1: BAR 7: set to [mem 0x92288000-0x9228ffff 64bit pref] (PCI address [0x92288000-0x9228ffff]
pci 0000:00:03.2: PCI bridge to [bus 20-24]
pci 0000:00:03.2: PCI bridge to [bus 20-24]
pci 0000:00:03.2:   bridge window [io  disabled]
pci 0000:00:03.2:   bridge window [mem 0x92400000-0x925fffff]
pci 0000:00:03.2:   bridge window [mem 0x92200000-0x922fffff 64bit pref]
pci 0000:00:11.0: PCI bridge to [bus 25-25]
pci 0000:00:11.0: PCI bridge to [bus 25-25]
pci 0000:00:11.0:   bridge window [io  disabled]
pci 0000:00:11.0:   bridge window [mem disabled]
pci 0000:00:11.0:   bridge window [mem pref disabled]
pci 0000:06:00.0: reg 184: [mem 0x92100000-0x92103fff 64bit pref]
pci 0000:06:00.0: reg 190: [mem 0x92120000-0x92123fff 64bit pref]
pci 0000:06:00.0: reg 184: [mem 0x92100000-0x92103fff 64bit pref]
pci 0000:06:00.1: reg 184: [mem 0x92140000-0x92143fff 64bit pref]
pci 0000:06:00.0: reg 184: [mem 0x92100000-0x92103fff 64bit pref]
pci 0000:06:00.0: reg 190: [mem 0x92120000-0x92123fff 64bit pref]
pci 0000:06:00.1: reg 190: [mem 0x92160000-0x92163fff 64bit pref]
pci 0000:06:00.0: reg 184: [mem 0x92100000-0x92103fff 64bit pref]
pci 0000:06:00.0: reg 190: [mem 0x92120000-0x92123fff 64bit pref]
pci 0000:06:00.1: reg 184: [mem 0x92140000-0x92143fff 64bit pref]
pci 0000:06:00.2: reg 184: [mem 0x92180000-0x92183fff 64bit pref]
pci 0000:06:00.0: reg 184: [mem 0x92100000-0x92103fff 64bit pref]
pci 0000:06:00.0: reg 190: [mem 0x92120000-0x92123fff 64bit pref]
pci 0000:06:00.1: reg 184: [mem 0x92140000-0x92143fff 64bit pref]
pci 0000:06:00.1: reg 190: [mem 0x92160000-0x92163fff 64bit pref]
pci 0000:06:00.2: reg 190: [mem 0x921a0000-0x921a3fff 64bit pref]
pci 0000:06:00.0: reg 184: [mem 0x92100000-0x92103fff 64bit pref]
pci 0000:06:00.0: reg 190: [mem 0x92120000-0x92123fff 64bit pref]
pci 0000:06:00.1: reg 184: [mem 0x92140000-0x92143fff 64bit pref]
pci 0000:06:00.1: reg 190: [mem 0x92160000-0x92163fff 64bit pref]
pci 0000:06:00.2: reg 184: [mem 0x92180000-0x92183fff 64bit pref]
pci 0000:06:00.3: reg 184: [mem 0x921c0000-0x921c3fff 64bit pref]
pci 0000:06:00.0: reg 184: [mem 0x92100000-0x92103fff 64bit pref]
pci 0000:06:00.0: reg 190: [mem 0x92120000-0x92123fff 64bit pref]
pci 0000:06:00.1: reg 184: [mem 0x92140000-0x92143fff 64bit pref]
pci 0000:06:00.1: reg 190: [mem 0x92160000-0x92163fff 64bit pref]
pci 0000:06:00.2: reg 184: [mem 0x92180000-0x92183fff 64bit pref]
pci 0000:06:00.2: reg 190: [mem 0x921a0000-0x921a3fff 64bit pref]
pci 0000:06:00.3: reg 190: [mem 0x921e0000-0x921e3fff 64bit pref]
pci 0000:06:00.0: reg 184: [mem 0x92100000-0x92103fff 64bit pref]
pci 0000:06:00.0: reg 190: [mem 0x92120000-0x92123fff 64bit pref]
pci 0000:06:00.1: reg 184: [mem 0x92140000-0x92143fff 64bit pref]
pci 0000:06:00.1: reg 190: [mem 0x92160000-0x92163fff 64bit pref]
pci 0000:06:00.2: reg 184: [mem 0x92180000-0x92183fff 64bit pref]
pci 0000:06:00.2: reg 190: [mem 0x921a0000-0x921a3fff 64bit pref]
pci 0000:06:00.3: reg 184: [mem 0x921c0000-0x921c3fff 64bit pref]
pci 0000:06:00.0: reg 184: [mem 0x92100000-0x92103fff 64bit pref]
pci 0000:06:00.0: reg 184: [mem 0x92100000-0x92103fff 64bit pref]
pci 0000:06:00.0: BAR 7: assigned [mem 0x92100000-0x9211ffff 64bit pref]
pci 0000:06:00.0: BAR 7: set to [mem 0x92100000-0x9211ffff 64bit pref] (PCI address [0x92100000-0x9211ffff]
pci 0000:06:00.0: reg 190: [mem 0x92120000-0x92123fff 64bit pref]
pci 0000:06:00.0: reg 190: [mem 0x92120000-0x92123fff 64bit pref]
pci 0000:06:00.0: BAR 10: assigned [mem 0x92120000-0x9213ffff 64bit pref]
pci 0000:06:00.0: BAR 10: set to [mem 0x92120000-0x9213ffff 64bit pref] (PCI address [0x92120000-0x9213ffff]
pci 0000:06:00.1: reg 184: [mem 0x92140000-0x92143fff 64bit pref]
pci 0000:06:00.1: reg 184: [mem 0x92140000-0x92143fff 64bit pref]
pci 0000:06:00.1: BAR 7: assigned [mem 0x92140000-0x9215ffff 64bit pref]
pci 0000:06:00.1: BAR 7: set to [mem 0x92140000-0x9215ffff 64bit pref] (PCI address [0x92140000-0x9215ffff]
pci 0000:06:00.1: reg 190: [mem 0x92160000-0x92163fff 64bit pref]
pci 0000:06:00.1: reg 190: [mem 0x92160000-0x92163fff 64bit pref]
pci 0000:06:00.1: BAR 10: assigned [mem 0x92160000-0x9217ffff 64bit pref]
pci 0000:06:00.1: BAR 10: set to [mem 0x92160000-0x9217ffff 64bit pref] (PCI address [0x92160000-0x9217ffff]
pci 0000:06:00.2: reg 184: [mem 0x92180000-0x92183fff 64bit pref]
pci 0000:06:00.2: reg 184: [mem 0x92180000-0x92183fff 64bit pref]
pci 0000:06:00.2: BAR 7: assigned [mem 0x92180000-0x9219ffff 64bit pref]
pci 0000:06:00.2: BAR 7: set to [mem 0x92180000-0x9219ffff 64bit pref] (PCI address [0x92180000-0x9219ffff]
pci 0000:06:00.2: reg 190: [mem 0x921a0000-0x921a3fff 64bit pref]
pci 0000:06:00.2: reg 190: [mem 0x921a0000-0x921a3fff 64bit pref]
pci 0000:06:00.2: BAR 10: assigned [mem 0x921a0000-0x921bffff 64bit pref]
pci 0000:06:00.2: BAR 10: set to [mem 0x921a0000-0x921bffff 64bit pref] (PCI address [0x921a0000-0x921bffff]
pci 0000:06:00.3: reg 184: [mem 0x921c0000-0x921c3fff 64bit pref]
pci 0000:06:00.3: reg 184: [mem 0x921c0000-0x921c3fff 64bit pref]
pci 0000:06:00.3: BAR 7: assigned [mem 0x921c0000-0x921dffff 64bit pref]
pci 0000:06:00.3: BAR 7: set to [mem 0x921c0000-0x921dffff 64bit pref] (PCI address [0x921c0000-0x921dffff]
pci 0000:06:00.3: reg 190: [mem 0x921e0000-0x921e3fff 64bit pref]
pci 0000:06:00.3: reg 190: [mem 0x921e0000-0x921e3fff 64bit pref]
pci 0000:06:00.3: BAR 10: assigned [mem 0x921e0000-0x921fffff 64bit pref]
pci 0000:06:00.3: BAR 10: set to [mem 0x921e0000-0x921fffff 64bit pref] (PCI address [0x921e0000-0x921fffff]
pci 0000:00:1c.0: PCI bridge to [bus 06-08]
pci 0000:00:1c.0: PCI bridge to [bus 06-08]
pci 0000:00:1c.0:   bridge window [io  0x3000-0x3fff]
pci 0000:00:1c.0:   bridge window [mem 0x90500000-0x905fffff]
pci 0000:00:1c.0:   bridge window [mem 0x92100000-0x921fffff 64bit pref]
pci 0000:03:00.0: PCI bridge to [bus 04-04]
pci 0000:03:00.0: PCI bridge to [bus 04-04]
pci 0000:03:00.0:   bridge window [io  disabled]
pci 0000:03:00.0:   bridge window [mem 0x90700000-0x90ffffff]
pci 0000:03:00.0:   bridge window [mem 0x91000000-0x91ffffff 64bit pref]
pci 0000:02:00.0: PCI bridge to [bus 03-04]
pci 0000:02:00.0: PCI bridge to [bus 03-04]
pci 0000:02:00.0:   bridge window [io  disabled]
pci 0000:02:00.0:   bridge window [mem 0x90700000-0x90ffffff]
pci 0000:02:00.0:   bridge window [mem 0x91000000-0x91ffffff 64bit pref]
pci 0000:02:01.0: PCI bridge to [bus 05-05]
pci 0000:02:01.0: PCI bridge to [bus 05-05]
pci 0000:02:01.0:   bridge window [io  disabled]
pci 0000:02:01.0:   bridge window [mem 0x90600000-0x906fffff]
pci 0000:02:01.0:   bridge window [mem pref disabled]
pci 0000:01:00.0: PCI bridge to [bus 02-05]
pci 0000:01:00.0: PCI bridge to [bus 02-05]
pci 0000:01:00.0:   bridge window [io  disabled]
pci 0000:01:00.0:   bridge window [mem 0x90600000-0x90ffffff]
pci 0000:01:00.0:   bridge window [mem 0x91000000-0x91ffffff 64bit pref]
pci 0000:00:1c.7: PCI bridge to [bus 01-05]
pci 0000:00:1c.7: PCI bridge to [bus 01-05]
pci 0000:00:1c.7:   bridge window [io  disabled]
pci 0000:00:1c.7:   bridge window [mem 0x90600000-0x90ffffff]
pci 0000:00:1c.7:   bridge window [mem 0x91000000-0x91ffffff 64bit pref]
pci 0000:00:1e.0: PCI bridge to [bus 26-26]
pci 0000:00:1e.0: PCI bridge to [bus 26-26]
pci 0000:00:1e.0:   bridge window [io  disabled]
pci 0000:00:1e.0:   bridge window [mem disabled]
pci 0000:00:1e.0:   bridge window [mem pref disabled]
alloc irq_2_iommu on node 0
pci 0000:00:01.0: PCI INT A -> GSI 26 (level, low) -> IRQ 26
pci 0000:00:01.0: setting latency timer to 64
alloc irq_2_iommu on node 0
pci 0000:00:02.0: PCI INT A -> GSI 32 (level, low) -> IRQ 32
pci 0000:00:02.0: setting latency timer to 64
pci 0000:00:02.2: PCI INT A -> GSI 32 (level, low) -> IRQ 32
pci 0000:00:02.2: setting latency timer to 64
alloc irq_2_iommu on node 0
pci 0000:00:03.0: PCI INT A -> GSI 40 (level, low) -> IRQ 40
pci 0000:00:03.0: setting latency timer to 64
pci 0000:00:03.2: PCI INT A -> GSI 40 (level, low) -> IRQ 40
pci 0000:00:03.2: setting latency timer to 64
alloc irq_2_iommu on node 0
pci 0000:00:11.0: PCI INT A -> GSI 16 (level, low) -> IRQ 16
pci 0000:00:11.0: setting latency timer to 64
alloc irq_2_iommu on node 0
pci 0000:00:1c.0: PCI INT A -> GSI 20 (level, low) -> IRQ 20
pci 0000:00:1c.0: setting latency timer to 64
alloc irq_2_iommu on node 0
pci 0000:00:1c.7: PCI INT D -> GSI 23 (level, low) -> IRQ 23
pci 0000:00:1c.7: setting latency timer to 64
pci 0000:01:00.0: setting latency timer to 64
pci 0000:02:00.0: setting latency timer to 64
pci 0000:03:00.0: setting latency timer to 64
pci 0000:02:01.0: enabling device (0000 -> 0002)
pci 0000:02:01.0: setting latency timer to 64
pci 0000:00:1e.0: setting latency timer to 64
pci_bus 0000:00: resource 4 [io  0x0000-0x0cf7]
pci_bus 0000:00: resource 5 [io  0x1000-0xffff]
pci_bus 0000:00: resource 6 [mem 0x000a0000-0x000bffff]
pci_bus 0000:00: resource 7 [mem 0xfed40000-0xfedfffff]
pci_bus 0000:00: resource 8 [mem 0x90000000-0xfbff7fff]
pci_bus 0000:00: resource 9 [mem 0x38000000000-0x387ffffffff]
pci_bus 0000:16: resource 0 [io  0x2000-0x2fff]
pci_bus 0000:16: resource 1 [mem 0x90400000-0x904fffff]
pci_bus 0000:16: resource 2 [mem 0x90000000-0x900fffff pref]
pci_bus 0000:1b: resource 1 [mem 0x90100000-0x902fffff]
pci_bus 0000:1b: resource 2 [mem 0x92300000-0x923fffff 64bit pref]
pci_bus 0000:20: resource 1 [mem 0x92400000-0x925fffff]
pci_bus 0000:20: resource 2 [mem 0x92200000-0x922fffff 64bit pref]
pci_bus 0000:06: resource 0 [io  0x3000-0x3fff]
pci_bus 0000:06: resource 1 [mem 0x90500000-0x905fffff]
pci_bus 0000:06: resource 2 [mem 0x92100000-0x921fffff 64bit pref]
pci_bus 0000:01: resource 1 [mem 0x90600000-0x90ffffff]
pci_bus 0000:01: resource 2 [mem 0x91000000-0x91ffffff 64bit pref]
pci_bus 0000:02: resource 1 [mem 0x90600000-0x90ffffff]
pci_bus 0000:02: resource 2 [mem 0x91000000-0x91ffffff 64bit pref]
pci_bus 0000:03: resource 1 [mem 0x90700000-0x90ffffff]
pci_bus 0000:03: resource 2 [mem 0x91000000-0x91ffffff 64bit pref]
pci_bus 0000:04: resource 1 [mem 0x90700000-0x90ffffff]
pci_bus 0000:04: resource 2 [mem 0x91000000-0x91ffffff 64bit pref]
pci_bus 0000:05: resource 1 [mem 0x90600000-0x906fffff]
pci_bus 0000:26: resource 4 [io  0x0000-0x0cf7]
pci_bus 0000:26: resource 5 [io  0x1000-0xffff]
pci_bus 0000:26: resource 6 [mem 0x000a0000-0x000bffff]
pci_bus 0000:26: resource 7 [mem 0xfed40000-0xfedfffff]
pci_bus 0000:26: resource 8 [mem 0x90000000-0xfbff7fff]
pci_bus 0000:26: resource 9 [mem 0x38000000000-0x387ffffffff]
NET: Registered protocol family 2
IP route cache hash table entries: 524288 (order: 10, 4194304 bytes)
TCP established hash table entries: 262144 (order: 10, 4194304 bytes)
TCP bind hash table entries: 65536 (order: 8, 1048576 bytes)
TCP: Hash tables configured (established 262144 bind 65536)
TCP reno registered
NET: Registered protocol family 1
RPC: Registered named UNIX socket transport module.
RPC: Registered udp transport module.
RPC: Registered tcp transport module.
RPC: Registered tcp NFSv4.1 backchannel transport module.
alloc irq_2_iommu on node 0
pci 0000:00:1a.0: PCI INT D -> GSI 19 (level, low) -> IRQ 19
pci 0000:00:1a.0: PCI INT D disabled
pci 0000:00:1d.0: PCI INT A -> GSI 23 (level, low) -> IRQ 23
pci 0000:00:1d.0: PCI INT A disabled
pci 0000:04:00.0: Boot video device
Trying to unpack rootfs image as initramfs...
Freeing initrd memory: 13113k freed
IOMMU 0xfbff8000: using Queued invalidation
IOMMU: hardware identity mapping for device 0000:00:00.0
IOMMU: hardware identity mapping for device 0000:00:01.0
IOMMU: hardware identity mapping for device 0000:00:02.0
IOMMU: hardware identity mapping for device 0000:00:02.2
IOMMU: hardware identity mapping for device 0000:00:03.0
IOMMU: hardware identity mapping for device 0000:00:03.2
IOMMU: hardware identity mapping for device 0000:00:04.0
IOMMU: hardware identity mapping for device 0000:00:04.1
IOMMU: hardware identity mapping for device 0000:00:04.2
IOMMU: hardware identity mapping for device 0000:00:04.3
IOMMU: hardware identity mapping for device 0000:00:04.4
IOMMU: hardware identity mapping for device 0000:00:04.5
IOMMU: hardware identity mapping for device 0000:00:04.6
IOMMU: hardware identity mapping for device 0000:00:04.7
IOMMU: hardware identity mapping for device 0000:00:05.0
IOMMU: hardware identity mapping for device 0000:00:05.2
IOMMU: hardware identity mapping for device 0000:00:11.0
IOMMU: hardware identity mapping for device 0000:00:1a.0
IOMMU: hardware identity mapping for device 0000:00:1c.0
IOMMU: hardware identity mapping for device 0000:00:1c.7
IOMMU: hardware identity mapping for device 0000:00:1d.0
IOMMU: hardware identity mapping for device 0000:00:1f.0
IOMMU: hardware identity mapping for device 0000:16:00.0
IOMMU: hardware identity mapping for device 0000:1b:00.0
IOMMU: hardware identity mapping for device 0000:1b:00.1
IOMMU: hardware identity mapping for device 0000:20:00.0
IOMMU: hardware identity mapping for device 0000:20:00.1
IOMMU: hardware identity mapping for device 0000:06:00.0
IOMMU: hardware identity mapping for device 0000:06:00.1
IOMMU: hardware identity mapping for device 0000:06:00.2
IOMMU: hardware identity mapping for device 0000:06:00.3
IOMMU: hardware identity mapping for device 0000:01:00.0
IOMMU: hardware identity mapping for device 0000:02:00.0
IOMMU: hardware identity mapping for device 0000:02:01.0
IOMMU: Setting RMRR:
Ignoring identity map for HW passthrough device 0000:00:1d.0 [0x7e6a0000 - 0x7e720000]
Ignoring identity map for HW passthrough device 0000:00:1a.0 [0x7e6a0000 - 0x7e720000]
IOMMU: Prepare 0-16MiB unity mapping for LPC
Ignoring identity map for HW passthrough device 0000:00:1f.0 [0x0 - 0x1000000]
PCI-DMA: Intel(R) Virtualization Technology for Directed I/O
platform rtc_cmos: registered platform RTC device (no PNP device found)
Machine check injector initialized
Scanning for low memory corruption every 60 seconds
alg: No test for __aes-aesni (__driver-aes-aesni)
alg: No test for __ecb-aes-aesni (__driver-ecb-aes-aesni)
alg: No test for __cbc-aes-aesni (__driver-cbc-aes-aesni)
modprobe[719]: segfault at 7fffb5800038 ip 00007fc8b63b3d33 sp 00007fffb57d9420 error 4 in ld-linux-x86-64.so.2[7fc8b63b1000+20000]
modprobe[721]: segfault at 7fffadb52038 ip 00007f053e940d33 sp 00007fffada204a0 error 4 in ld-linux-x86-64.so.2[7f053e93e000+20000]
modprobe[724]: segfault at 7fff7069b038 ip 00007f2a800e6d33 sp 00007fff706284d0 error 4 in ld-linux-x86-64.so.2[7f2a800e4000+20000]
alg: skcipher: Failed to load transform for ecb-aes-aesni: -2
HugeTLB registered 2 MB page size, pre-allocated 0 pages
Registering the id_resolver key type
nfs4filelayout_init: NFSv4 File Layout Driver Registering...
NTFS driver 2.1.29 [Flags: R/W].
fuse init (API version 7.13)
msgmni has been set to 32768
alg: No test for cipher_null (cipher_null-generic)
alg: No test for ecb(cipher_null) (ecb-cipher_null)
alg: No test for digest_null (digest_null-generic)
alg: No test for compress_null (compress_null-generic)
alg: No test for stdrng (krng)
Block layer SCSI generic (bsg) driver version 0.4 loaded (major 252)
io scheduler noop registered
io scheduler anticipatory registered
io scheduler deadline registered (default)
io scheduler cfq registered
efifb: probing for efifb
efifb: framebuffer at 0x91000000, mapped to 0xffffc90020a00000, using 6144k, total 16384k
efifb: mode is 1024x768x32, linelength=4096, pages=1
efifb: scrolling: redraw
efifb: Truecolor: size=8:8:8:8, shift=24:16:8:0
Console: switching to colour frame buffer device 128x48
fb0: EFI VGA frame buffer device
intel_idle: MWAIT substates: 0x1120
intel_idle: v0.4 model 0x3E
intel_idle: lapic_timer_reliable_states 0xffffffff
ipmi message handler version 39.2
ipmi device interface
input: Power Button as /devices/LNXSYSTM:00/LNXPWRBN:00/input/input0
ACPI: Power Button [PWRF]
ACPI: acpi_idle yielding to intel_idle
ERST: Error Record Serialization Table (ERST) support is initialized.
GHES: APEI firmware first mode is enabled by APEI bit and WHEA _OSC.
Linux agpgart interface v0.103
crash memory driver: version 1.1
Serial: 8250/16550 driver, 4 ports, IRQ sharing enabled
serial8250: ttyS0 at I/O 0x3f8 (irq = 4) is a 16550A
serial8250: ttyS1 at I/O 0x2f8 (irq = 3) is a 16550A
brd: module loaded
loop: module loaded
Kernel Build: 3:sanvc_7_5_0:2015:06:19:120200:7
Uniform Multi-Platform E-IDE driver
ide_generic: please use "probe_mask=0x3f" module parameter for probing all legacy ISA IDE ports
Probing IDE interface ide0...
ide0: no devices on the port
ide0 at 0x1f0-0x1f7,0x3f6 on irq 14
Probing IDE interface ide1...
ide1: no devices on the port
ide1 at 0x170-0x177,0x376 on irq 15
ide-gd driver 1.18
ide-cd driver 5.00
Loading iSCSI transport class v2.0-870.
Adaptec aacraid driver 1.2-0[29801]-ms
megasas: 06.504.01.00-rh1 Mon. Oct. 8 17:00:00 PDT 2012
megasas: 0x1000:0x005b:0x1014:0x0412: bus 22:slot 0:func 0
alloc irq_2_iommu on node 0
megaraid_sas 0000:16:00.0: PCI INT A -> GSI 34 (level, low) -> IRQ 34
megaraid_sas 0000:16:00.0: setting latency timer to 64
megasas: FW now in Ready state
alloc irq_2_iommu on node 0
megaraid_sas 0000:16:00.0: irq 54 for MSI/MSI-X
alloc irq_2_iommu on node 0
megaraid_sas 0000:16:00.0: irq 55 for MSI/MSI-X
alloc irq_2_iommu on node 0
megaraid_sas 0000:16:00.0: irq 56 for MSI/MSI-X
alloc irq_2_iommu on node 0
megaraid_sas 0000:16:00.0: irq 57 for MSI/MSI-X
alloc irq_2_iommu on node 0
megaraid_sas 0000:16:00.0: irq 58 for MSI/MSI-X
alloc irq_2_iommu on node 0
megaraid_sas 0000:16:00.0: irq 59 for MSI/MSI-X
alloc irq_2_iommu on node 0
megaraid_sas 0000:16:00.0: irq 60 for MSI/MSI-X
alloc irq_2_iommu on node 0
megaraid_sas 0000:16:00.0: irq 61 for MSI/MSI-X
alloc irq_2_iommu on node 0
megaraid_sas 0000:16:00.0: irq 62 for MSI/MSI-X
alloc irq_2_iommu on node 0
megaraid_sas 0000:16:00.0: irq 63 for MSI/MSI-X
alloc irq_2_iommu on node 0
megaraid_sas 0000:16:00.0: irq 64 for MSI/MSI-X
alloc irq_2_iommu on node 0
megaraid_sas 0000:16:00.0: irq 65 for MSI/MSI-X
alloc irq_2_iommu on node 0
megaraid_sas 0000:16:00.0: irq 66 for MSI/MSI-X
alloc irq_2_iommu on node 0
megaraid_sas 0000:16:00.0: irq 67 for MSI/MSI-X
alloc irq_2_iommu on node 0
megaraid_sas 0000:16:00.0: irq 68 for MSI/MSI-X
alloc irq_2_iommu on node 0
megaraid_sas 0000:16:00.0: irq 69 for MSI/MSI-X
megasas:IOC Init cmd success
megasas: INIT adapter done
scsi0 : LSI SAS based MegaRAID driver
scsi 0:0:8:0: Direct-Access     IBM-ESXS AL13SEB300       SB35 PQ: 0 ANSI: 6
scsi 0:0:9:0: Direct-Access     IBM-ESXS AL13SEB300       SB35 PQ: 0 ANSI: 6
Refined TSC clocksource calibration: 2599.999 MHz.
Switching to clocksource tsc
sd 0:0:8:0: Attached scsi generic sg0 type 0
sd 0:0:9:0: Attached scsi generic sg1 type 0
Error: Driver 'pata_platform' is already registered, aborting...
e1000: Intel(R) PRO/1000 Network Driver - version 7.3.21-k8-NAPI
e1000: Copyright (c) 1999-2006 Intel Corporation.
e1000e: Intel(R) PRO/1000 Network Driver - 2.1.4-k
e1000e: Copyright(c) 1999 - 2012 Intel Corporation.
igb: Intel(R) Gigabit Ethernet Network Driver - version 4.0.1-k
igb: Copyright (c) 2007-2012 Intel Corporation.
igb 0000:06:00.0: enabling device (0040 -> 0042)
igb 0000:06:00.0: PCI INT A -> GSI 16 (level, low) -> IRQ 16
igb 0000:06:00.0: setting latency timer to 64
alloc irq_2_iommu on node 0
igb 0000:06:00.0: irq 70 for MSI/MSI-X
alloc irq_2_iommu on node 0
igb 0000:06:00.0: irq 71 for MSI/MSI-X
alloc irq_2_iommu on node 0
igb 0000:06:00.0: irq 72 for MSI/MSI-X
alloc irq_2_iommu on node 0
igb 0000:06:00.0: irq 73 for MSI/MSI-X
alloc irq_2_iommu on node 0
igb 0000:06:00.0: irq 74 for MSI/MSI-X
alloc irq_2_iommu on node 0
igb 0000:06:00.0: irq 75 for MSI/MSI-X
alloc irq_2_iommu on node 0
igb 0000:06:00.0: irq 76 for MSI/MSI-X
alloc irq_2_iommu on node 0
igb 0000:06:00.0: irq 77 for MSI/MSI-X
alloc irq_2_iommu on node 0
igb 0000:06:00.0: irq 78 for MSI/MSI-X
sd 0:0:8:0: [sda] Disabling DIF Type 2 protection
sd 0:0:8:0: [sda] 585937500 512-byte logical blocks: (300 GB/279 GiB)
sd 0:0:8:0: [sda] Write Protect is off
sd 0:0:8:0: [sda] Mode Sense: e5 00 10 08
sd 0:0:8:0: [sda] Write cache: disabled, read cache: enabled, supports DPO and FUA
sd 0:0:9:0: [sdb] Disabling DIF Type 2 protection
sd 0:0:9:0: [sdb] 585937500 512-byte logical blocks: (300 GB/279 GiB)
sd 0:0:9:0: [sdb] Write Protect is off
sd 0:0:9:0: [sdb] Mode Sense: e5 00 10 08
 sda:
sd 0:0:9:0: [sdb] Write cache: disabled, read cache: enabled, supports DPO and FUA
 sdb: sdb1 sdb2 sdb3 sdb4 sdb5
sd 0:0:9:0: [sdb] Attached SCSI disk
 sda1 sda2 sda3 sda4 sda5
sd 0:0:8:0: [sda] Attached SCSI disk
igb 0000:06:00.0: Intel(R) Gigabit Ethernet Network Connection
igb 0000:06:00.0: eth0: (PCIe:5.0Gb/s:Width x4) 98:be:94:2b:71:4a
igb 0000:06:00.0: eth0: PBA No: 106300-000
igb 0000:06:00.0: Using MSI-X interrupts. 8 rx queue(s), 8 tx queue(s)
igb 0000:06:00.1: enabling device (0040 -> 0042)
alloc irq_2_iommu on node 0
igb 0000:06:00.1: PCI INT B -> GSI 17 (level, low) -> IRQ 17
igb 0000:06:00.1: setting latency timer to 64
alloc irq_2_iommu on node 0
igb 0000:06:00.1: irq 79 for MSI/MSI-X
alloc irq_2_iommu on node 0
igb 0000:06:00.1: irq 80 for MSI/MSI-X
alloc irq_2_iommu on node 0
igb 0000:06:00.1: irq 81 for MSI/MSI-X
alloc irq_2_iommu on node 0
igb 0000:06:00.1: irq 82 for MSI/MSI-X
alloc irq_2_iommu on node 0
igb 0000:06:00.1: irq 83 for MSI/MSI-X
alloc irq_2_iommu on node 0
igb 0000:06:00.1: irq 84 for MSI/MSI-X
alloc irq_2_iommu on node 0
igb 0000:06:00.1: irq 85 for MSI/MSI-X
alloc irq_2_iommu on node 0
igb 0000:06:00.1: irq 86 for MSI/MSI-X
alloc irq_2_iommu on node 0
igb 0000:06:00.1: irq 87 for MSI/MSI-X
igb 0000:06:00.1: Intel(R) Gigabit Ethernet Network Connection
igb 0000:06:00.1: eth1: (PCIe:5.0Gb/s:Width x4) 98:be:94:2b:71:4b
igb 0000:06:00.1: eth1: PBA No: 106300-000
igb 0000:06:00.1: Using MSI-X interrupts. 8 rx queue(s), 8 tx queue(s)
igb 0000:06:00.2: enabling device (0040 -> 0042)
alloc irq_2_iommu on node 0
igb 0000:06:00.2: PCI INT C -> GSI 18 (level, low) -> IRQ 18
igb 0000:06:00.2: setting latency timer to 64
alloc irq_2_iommu on node 0
igb 0000:06:00.2: irq 88 for MSI/MSI-X
alloc irq_2_iommu on node 0
igb 0000:06:00.2: irq 89 for MSI/MSI-X
alloc irq_2_iommu on node 0
igb 0000:06:00.2: irq 90 for MSI/MSI-X
alloc irq_2_iommu on node 0
igb 0000:06:00.2: irq 91 for MSI/MSI-X
alloc irq_2_iommu on node 0
igb 0000:06:00.2: irq 92 for MSI/MSI-X
alloc irq_2_iommu on node 0
igb 0000:06:00.2: irq 93 for MSI/MSI-X
alloc irq_2_iommu on node 0
igb 0000:06:00.2: irq 94 for MSI/MSI-X
alloc irq_2_iommu on node 0
igb 0000:06:00.2: irq 95 for MSI/MSI-X
alloc irq_2_iommu on node 0
igb 0000:06:00.2: irq 96 for MSI/MSI-X
igb 0000:06:00.2: Intel(R) Gigabit Ethernet Network Connection
igb 0000:06:00.2: eth2: (PCIe:5.0Gb/s:Width x4) 98:be:94:2b:71:4c
igb 0000:06:00.2: eth2: PBA No: 106300-000
igb 0000:06:00.2: Using MSI-X interrupts. 8 rx queue(s), 8 tx queue(s)
igb 0000:06:00.3: enabling device (0040 -> 0042)
igb 0000:06:00.3: PCI INT D -> GSI 19 (level, low) -> IRQ 19
igb 0000:06:00.3: setting latency timer to 64
alloc irq_2_iommu on node 0
igb 0000:06:00.3: irq 97 for MSI/MSI-X
alloc irq_2_iommu on node 0
igb 0000:06:00.3: irq 98 for MSI/MSI-X
alloc irq_2_iommu on node 0
igb 0000:06:00.3: irq 99 for MSI/MSI-X
alloc irq_2_iommu on node 0
igb 0000:06:00.3: irq 100 for MSI/MSI-X
alloc irq_2_iommu on node 0
igb 0000:06:00.3: irq 101 for MSI/MSI-X
alloc irq_2_iommu on node 0
igb 0000:06:00.3: irq 102 for MSI/MSI-X
alloc irq_2_iommu on node 0
igb 0000:06:00.3: irq 103 for MSI/MSI-X
alloc irq_2_iommu on node 0
igb 0000:06:00.3: irq 104 for MSI/MSI-X
alloc irq_2_iommu on node 0
igb 0000:06:00.3: irq 105 for MSI/MSI-X
igb 0000:06:00.3: Intel(R) Gigabit Ethernet Network Connection
igb 0000:06:00.3: eth3: (PCIe:5.0Gb/s:Width x4) 98:be:94:2b:71:4d
igb 0000:06:00.3: eth3: PBA No: 106300-000
igb 0000:06:00.3: Using MSI-X interrupts. 8 rx queue(s), 8 tx queue(s)
ixgbe: Intel(R) 10 Gigabit PCI Express Network Driver - version 3.9.15-k
ixgbe: Copyright (c) 1999-2012 Intel Corporation.
Intel(R) PRO/10GbE Network Driver - version 1.0.135-k2-NAPI
Copyright (c) 1999-2008 Intel Corporation.
e100: Intel(R) PRO/100 Network Driver, 3.5.24-k2-NAPI
e100: Copyright(c) 1999-2006 Intel Corporation
tun: Universal TUN/TAP device driver, 1.6
tun: (C) 1999-2004 Max Krasnyansky <maxk@qualcomm.com>
Fusion MPT base driver 3.04.20
Copyright (c) 1999-2008 LSI Corporation
Fusion MPT SPI Host driver 3.04.20
Fusion MPT SAS Host driver 3.04.20
Fusion MPT misc device (ioctl) driver 3.04.20
mptctl: Registered with Fusion MPT base driver
mptctl: /dev/mptctl @ (major,minor=10,220)
ehci_hcd: USB 2.0 'Enhanced' Host Controller (EHCI) Driver
ehci_hcd 0000:00:1a.0: PCI INT D -> GSI 19 (level, low) -> IRQ 19
ehci_hcd 0000:00:1a.0: setting latency timer to 64
ehci_hcd 0000:00:1a.0: EHCI Host Controller
ehci_hcd 0000:00:1a.0: new USB bus registered, assigned bus number 1
32bit 0000:00:1a.0 uses non-identity mapping
ehci_hcd 0000:00:1a.0: debug port 2
ehci_hcd 0000:00:1a.0: cache line size of 64 is not supported
ehci_hcd 0000:00:1a.0: irq 19, io mem 0x903fd000
ehci_hcd 0000:00:1a.0: USB 2.0 started, EHCI 1.00
usb usb1: configuration #1 chosen from 1 choice
hub 1-0:1.0: USB hub found
hub 1-0:1.0: 3 ports detected
ehci_hcd 0000:00:1d.0: PCI INT A -> GSI 23 (level, low) -> IRQ 23
ehci_hcd 0000:00:1d.0: setting latency timer to 64
ehci_hcd 0000:00:1d.0: EHCI Host Controller
ehci_hcd 0000:00:1d.0: new USB bus registered, assigned bus number 2
32bit 0000:00:1d.0 uses non-identity mapping
ehci_hcd 0000:00:1d.0: debug port 2
ehci_hcd 0000:00:1d.0: cache line size of 64 is not supported
ehci_hcd 0000:00:1d.0: irq 23, io mem 0x903fe000
ehci_hcd 0000:00:1d.0: USB 2.0 started, EHCI 1.00
usb usb2: configuration #1 chosen from 1 choice
hub 2-0:1.0: USB hub found
hub 2-0:1.0: 3 ports detected
ohci_hcd: USB 1.1 'Open' Host Controller (OHCI) Driver
usb 1-1: new high speed USB device number 2 using ehci_hcd
uhci_hcd: USB Universal Host Controller Interface driver
usb 1-1: configuration #1 chosen from 1 choice
hub 1-1:1.0: USB hub found
hub 1-1:1.0: 6 ports detected
Initializing USB Mass Storage driver...
usbcore: registered new interface driver usb-storage
usb 2-1: new high speed USB device number 2 using ehci_hcd
USB Mass Storage support registered.
usbcore: registered new interface driver libusual
usb 2-1: configuration #1 chosen from 1 choice
hub 2-1:1.0: USB hub found
hub 2-1:1.0: 8 ports detected
usbcore: registered new interface driver usbserial
USB Serial support registered for generic
usb 2-1.1: new high speed USB device number 3 using ehci_hcd
usb 2-1.1: configuration #1 chosen from 1 choice
hub 2-1.1:1.0: USB hub found
hub 2-1.1:1.0: 6 ports detected
usbcore: registered new interface driver usbserial_generic
usbserial: USB Serial Driver core
USB Serial support registered for pl2303
usbcore: registered new interface driver pl2303
pl2303: Prolific PL2303 USB to serial adaptor driver
PNP: No PS/2 controller found. Probing ports directly.
usb 2-1.1.5: new high speed USB device number 4 using ehci_hcd
mice: PS/2 mouse device common for all mice
usb 2-1.1.5: configuration #1 chosen from 2 choices
input: PC Speaker as /devices/platform/pcspkr/input/input1
rtc_cmos rtc_cmos: RTC can wake from S4
rtc_cmos rtc_cmos: rtc core: registered rtc_cmos as rtc0
rtc0: alarms up to one month, y3k, 114 bytes nvram, hpet irqs
i2c /dev entries driver
usb 2-1.1.5: USB disconnect, device number 4
md: raid1 personality registered for level 1
cpuidle: using governor ladder
cpuidle: using governor menu
usb 2-1.1.5: new high speed USB device number 5 using ehci_hcd
ioatdma: Intel(R) QuickData Technology Driver 4.00
usb 2-1.1.5: configuration #1 chosen from 2 choices
usbcore: registered new interface driver usbhid
usbhid: v2.6:USB HID core driver
Netfilter messages via NETLINK v0.30.
nf_conntrack version 0.5.0 (16384 buckets, 65536 max)
ip_tables: (C) 2000-2006 Netfilter Core Team
arp_tables: (C) 2002 David S. Miller
Initializing XFRM netlink socket
NET: Registered protocol family 10
lo: Disabled Privacy Extensions
ip6_tables: (C) 2000-2006 Netfilter Core Team
IPv6 over IPv4 tunneling driver
sit0: Disabled Privacy Extensions
NET: Registered protocol family 17
NET: Registered protocol family 15
Bridge firewalling registered
802.1Q VLAN Support v1.8 Ben Greear <greearb@candelatech.com>
All bugs added by David S. Miller <davem@redhat.com>
rtc_cmos rtc_cmos: setting system clock to 2015-12-30 06:21:20 UTC (1451456480)
Freeing unused kernel memory: 484k freed
Write protecting the kernel read-only data: 10240k
Freeing unused kernel memory: 340k freed
Freeing unused kernel memory: 524k freed
md: md2 stopped.
md: bind<sda5>
bio: create slab <bio-1> at 1
md/raid1:md2: active with 1 out of 2 mirrors
md2: detected capacity change from 0 to 96443695104
 md2: p1 p2 p3 p4 p5 p6 p7 p8 p9 p10
md: bind<sdb5>
RAID1 conf printout:
 --- wd:1 rd:2
 disk 0, wo:0, o:1, dev:sda5
 disk 1, wo:1, o:1, dev:sdb5
md: recovery of RAID array md2
md: minimum _guaranteed_  speed: 1000 KB/sec/disk.
md: using maximum available idle IO bandwidth (but not more than 200000 KB/sec) for recovery.
md: using 128k window, over a total of 94183296k.
md: md2: recovery done.
RAID1 conf printout:
 --- wd:2 rd:2
 disk 0, wo:0, o:1, dev:sda5
 disk 1, wo:0, o:1, dev:sdb5
CMPSS(KWRN):knl_init_pcibus: No adapters found
CMPSS(KMSG):plemlx: Initialising kernel module
pci 0000:1b:00.0: enabling device (0040 -> 0042)
pci 0000:1b:00.0: PCI INT A -> GSI 40 (level, low) -> IRQ 40
pci 0000:1b:00.0: setting latency timer to 64
CMPSS(KMSG):plemlx: Found FCoE device: 1b:0:0
pci 0000:1b:00.1: enabling device (0040 -> 0042)
alloc irq_2_iommu on node 0
pci 0000:1b:00.1: PCI INT B -> GSI 44 (level, low) -> IRQ 44
pci 0000:1b:00.1: setting latency timer to 64
CMPSS(KMSG):plemlx: Found FCoE device: 1b:0:1
pci 0000:20:00.0: enabling device (0040 -> 0042)
alloc irq_2_iommu on node 0
pci 0000:20:00.0: PCI INT A -> GSI 42 (level, low) -> IRQ 42
pci 0000:20:00.0: setting latency timer to 64
CMPSS(KMSG):plemlx: Found FCoE device: 20:0:0
pci 0000:20:00.1: enabling device (0040 -> 0042)
alloc irq_2_iommu on node 0
pci 0000:20:00.1: PCI INT B -> GSI 45 (level, low) -> IRQ 45
pci 0000:20:00.1: setting latency timer to 64
CMPSS(KMSG):plemlx: Found FCoE device: 20:0:1
CMPSS(KMSG):setting card revision
CMPSS(KMSG):plemlx_create_dev: Created mis with minor = 57 0
CMPSS(KMSG):setting card revision
CMPSS(KMSG):plemlx_create_dev: Created mis with minor = 56 0
CMPSS(KMSG):setting card revision
CMPSS(KMSG):plemlx_create_dev: Created mis with minor = 55 0
CMPSS(KMSG):setting card revision
CMPSS(KMSG):plemlx_create_dev: Created mis with minor = 54 0
CMPSS(KMSG):plsas_init_pcibus: build on Sep 17 2015 at 14:34:39
CMPSS(KWRN):plsas_init_pcibus: No adapters found
 061120120030 iSCSI Enterprise Target Software - 5127m3 final  0.4.15
iscsi_register_msg_q_devices(858)WARN: minor device registered 51

iscsi_register_msg_q_devices(858)WARN: minor device registered 50

iscsi_register_kernel_dump_device(1108)WARN: minor device registered 48

iscsi_trgt: knl_init_pcibus(96) eport recognised adpater_no: 6 b_d_f:0_0_0_33554433
iscsi_trgt: knl_init_pcibus(97) eport recognised adpater_no: igb
iscsi_trgt: knl_init_pcibus(96) eport recognised adpater_no: 6 b_d_f:1_0_1_33554433
iscsi_trgt: knl_init_pcibus(97) eport recognised adpater_no: igb
iscsi_trgt: knl_init_pcibus(96) eport recognised adpater_no: 6 b_d_f:2_0_2_33554433
iscsi_trgt: knl_init_pcibus(97) eport recognised adpater_no: igb
iscsi_trgt: knl_init_pcibus(96) eport recognised adpater_no: 6 b_d_f:3_0_3_33554433
iscsi_trgt: knl_init_pcibus(97) eport recognised adpater_no: igb
icp_qa_al err: icp_adf_subsystemRegister: Failed to get accel head.
icp_qa_al err: icp_adf_subsystemRegister: Failed to get accel head.
icp_qa_al err: icp_adf_subsystemRegister: Failed to get accel head.
icp_qa_al err: icp_adf_subsystemRegister: Failed to get accel head.
Loading SAL Module ...
CMPSS(KWRN):Pl_endeavour module removed
EXT4-fs (md2p1): mounted filesystem with ordered data mode. Opts: 
IPMI System Interface driver.
ipmi_si: Adding SMBIOS-specified kcs state machine
ipmi_si: Trying SMBIOS-specified kcs state machine at i/o address 0xcc0, slave address 0x20, irq 0
ipmi: Found new BMC (man_id: 0x004f4d,  prod_id: 0x0143, dev_id: 0x20)
IPMI kcs interface initialized
EXT4-fs (md2p2): mounted filesystem with ordered data mode. Opts: 
EXT4-fs (md2p6): mounted filesystem with ordered data mode. Opts: 
Adding 1945592k swap on /dev/md2p10.  Priority:-1 extents:1 across:1945592k 
EXT4-fs (md2p6): mounted filesystem with ordered data mode. Opts: 
EXT4-fs (md2p2): mounted filesystem with ordered data mode. Opts: 
EXT4-fs (md2p8): mounted filesystem with ordered data mode. Opts: 
EXT4-fs (md2p7): mounted filesystem with ordered data mode. Opts: 
EXT4-fs (md2p9): mounted filesystem with ordered data mode. Opts: 
EXT4-fs (md2p3): mounted filesystem with ordered data mode. Opts: 
EXT4-fs (md2p4): mounted filesystem with ordered data mode. Opts: 
EXT4-fs (md2p5): mounted filesystem with ordered data mode. Opts: 
udev: renamed network interface eth3 to tech0
EXT4-fs (sda2): mounted filesystem with ordered data mode. Opts: 
EXT4-fs (sdb2): mounted filesystem with ordered data mode. Opts: 
CMPSS(KMSG):PLPA: PEX driver init module called
CMPSS(KMSG):PLPA: module built on Sep 17 2015 at 14:34:39
CMPSS(KMSG):PLPA: plpa_dma_all=0
CMPSS(KDBG):plpa_setup_major_bars: start - physical address bits supported by processor = 46, ioremap size used = 0x1080000000
CMPSS(KWRN):plpa_init_pcibus: no non-transparent ports found
CMPSS(KWRN):NMI watchdog disabled - cleanup_module
CMPSS(KWRN):PLWDK module removed
usb0: register 'cdc_ether' at usb-0000:00:1d.0-1.1.5, CDC Ethernet Device, 9a:be:94:2b:71:49
usbcore: registered new interface driver cdc_ether
usbcore: deregistering interface driver cdc_ether
usb0: unregister 'cdc_ether' usb-0000:00:1d.0-1.1.5, CDC Ethernet Device
usb0: register 'cdc_ether' at usb-0000:00:1d.0-1.1.5, CDC Ethernet Device, 9a:be:94:2b:71:49
usbcore: registered new interface driver cdc_ether
usb0: no IPv6 routers present
usbcore: deregistering interface driver cdc_ether
usb0: unregister 'cdc_ether' usb-0000:00:1d.0-1.1.5, CDC Ethernet Device
virtio: exports duplicate symbol unregister_virtio_device (owned by kernel)
virtio_ring: exports duplicate symbol vring_transport_features (owned by kernel)
IPMI System Interface driver.
ipmi_si: Adding SMBIOS-specified kcs state machine
ipmi_si: Trying SMBIOS-specified kcs state machine at i/o address 0xcc0, slave address 0x20, irq 0
ipmi: Found new BMC (man_id: 0x004f4d,  prod_id: 0x0143, dev_id: 0x20)
IPMI kcs interface initialized
Copyright (C) 2004 MontaVista Software - IPMI Powerdown via sys_reboot.
IPMI poweroff: ATCA Detect mfg 0x4F4D prod 0x143
IPMI poweroff: Found a chassis style poweroff function
